\BOOKMARK [0][-]{chapter*.1}{\376\377\000E\000x\000e\000c\000u\000t\000i\000v\000e\000\040\000S\000u\000m\000m\000a\000r\000y}{}% 1
\BOOKMARK [0][-]{chapter.1}{\376\377\000P\000r\000o\000b\000l\000e\000m\000\040\000S\000t\000a\000t\000e\000m\000e\000n\000t}{}% 2
\BOOKMARK [1][-]{section.1.1}{\376\377\000M\000a\000c\000r\000o\000\040\000C\000o\000n\000t\000e\000x\000t\000\040\000\046\000\040\000E\000x\000i\000s\000t\000i\000n\000g\000\040\000I\000n\000e\000f\000f\000i\000c\000i\000e\000n\000c\000i\000e\000s}{chapter.1}% 3
\BOOKMARK [1][-]{section.1.2}{\376\377\000T\000a\000r\000g\000e\000t\000\040\000D\000e\000m\000o\000g\000r\000a\000p\000h\000i\000c\000s\000\040\000A\000f\000f\000e\000c\000t\000e\000d}{chapter.1}% 4
\BOOKMARK [1][-]{section.1.3}{\376\377\000S\000y\000s\000t\000e\000m\000i\000c\000\040\000L\000i\000m\000i\000t\000a\000t\000i\000o\000n\000s\000\040\000o\000f\000\040\000E\000x\000i\000s\000t\000i\000n\000g\000\040\000A\000l\000t\000e\000r\000n\000a\000t\000i\000v\000e\000s}{chapter.1}% 5
\BOOKMARK [1][-]{section.1.4}{\376\377\000T\000h\000e\000\040\000C\000a\000u\000s\000a\000l\000\040\000P\000r\000o\000b\000l\000e\000m\000-\000S\000o\000l\000u\000t\000i\000o\000n\000\040\000S\000c\000h\000e\000m\000a\000t\000i\000c}{chapter.1}% 6
\BOOKMARK [1][-]{section.1.5}{\376\377\000P\000r\000o\000p\000o\000s\000e\000d\000\040\000S\000o\000l\000u\000t\000i\000o\000n\000\040\000\046\000\040\000C\000o\000r\000e\000\040\000H\000y\000p\000o\000t\000h\000e\000s\000e\000s}{chapter.1}% 7
\BOOKMARK [0][-]{chapter.2}{\376\377\000O\000b\000j\000e\000c\000t\000i\000v\000e\000s\000\040\000\046\000\040\000S\000c\000o\000p\000e}{}% 8
\BOOKMARK [1][-]{section.2.1}{\376\377\000C\000o\000r\000e\000\040\000E\000n\000g\000i\000n\000e\000e\000r\000i\000n\000g\000\040\000O\000b\000j\000e\000c\000t\000i\000v\000e\000s}{chapter.2}% 9
\BOOKMARK [1][-]{section.2.2}{\376\377\000P\000r\000o\000j\000e\000c\000t\000\040\000S\000c\000o\000p\000e\000:\000\040\000I\000n\000c\000l\000u\000s\000i\000o\000n\000s\000\040\000v\000s\000.\000\040\000E\000x\000c\000l\000u\000s\000i\000o\000n\000s}{chapter.2}% 10
\BOOKMARK [0][-]{chapter.3}{\376\377\000U\000s\000e\000r\000\040\000P\000e\000r\000s\000o\000n\000a\000s}{}% 11
\BOOKMARK [1][-]{section.3.1}{\376\377\000P\000e\000r\000s\000o\000n\000a\000\040\000A\000:\000\040\000R\000u\000r\000a\000l\000\040\000B\000o\000r\000r\000o\000w\000e\000r\000\040\000\050\000A\000p\000p\000l\000i\000c\000a\000n\000t\000\051}{chapter.3}% 12
\BOOKMARK [1][-]{section.3.2}{\376\377\000P\000e\000r\000s\000o\000n\000a\000\040\000B\000:\000\040\000B\000a\000n\000k\000\040\000S\000a\000k\000h\000i\000\040\000\050\000F\000i\000e\000l\000d\000\040\000B\000u\000s\000i\000n\000e\000s\000s\000\040\000C\000o\000r\000r\000e\000s\000p\000o\000n\000d\000e\000n\000t\000\051}{chapter.3}% 13
\BOOKMARK [1][-]{section.3.3}{\376\377\000P\000e\000r\000s\000o\000n\000a\000\040\000C\000:\000\040\000L\000o\000a\000n\000\040\000O\000f\000f\000i\000c\000e\000r\000\040\000\050\000B\000r\000a\000n\000c\000h\000\040\000C\000r\000e\000d\000i\000t\000\040\000U\000n\000d\000e\000r\000w\000r\000i\000t\000e\000r\000\051}{chapter.3}% 14
\BOOKMARK [1][-]{section.3.4}{\376\377\000P\000e\000r\000s\000o\000n\000a\000\040\000D\000:\000\040\000R\000i\000s\000k\000\040\000O\000f\000f\000i\000c\000e\000r\000\040\000\050\000I\000n\000s\000t\000i\000t\000u\000t\000i\000o\000n\000a\000l\000\040\000C\000o\000m\000p\000l\000i\000a\000n\000c\000e\000\040\000A\000u\000d\000i\000t\000o\000r\000\051}{chapter.3}% 15
\BOOKMARK [1][-]{section.3.5}{\376\377\000P\000e\000r\000s\000o\000n\000a\000\040\000E\000:\000\040\000S\000y\000s\000t\000e\000m\000\040\000A\000d\000m\000i\000n\000i\000s\000t\000r\000a\000t\000o\000r\000\040\000/\000\040\000M\000L\000O\000p\000s\000\040\000E\000n\000g\000i\000n\000e\000e\000r}{chapter.3}% 16
\BOOKMARK [0][-]{chapter.4}{\376\377\000R\000o\000l\000e\000\040\000\046\000\040\000P\000e\000r\000m\000i\000s\000s\000i\000o\000n\000\040\000M\000a\000t\000r\000i\000x}{}% 17
\BOOKMARK [1][-]{section.4.1}{\376\377\000C\000o\000n\000c\000e\000p\000t\000u\000a\000l\000\040\000S\000e\000c\000u\000r\000i\000t\000y\000\040\000\046\000\040\000A\000u\000t\000h\000o\000r\000i\000z\000a\000t\000i\000o\000n\000\040\000H\000i\000e\000r\000a\000r\000c\000h\000y}{chapter.4}% 18
\BOOKMARK [1][-]{section.4.2}{\376\377\000E\000x\000h\000a\000u\000s\000t\000i\000v\000e\000\040\000P\000e\000r\000s\000o\000n\000a\000\040\000\040\000R\000e\000s\000o\000u\000r\000c\000e\000\040\000\040\000A\000c\000t\000i\000o\000n\000\040\000M\000a\000t\000r\000i\000x}{chapter.4}% 19
\BOOKMARK [1][-]{section.4.3}{\376\377\000P\000r\000i\000v\000i\000l\000e\000g\000e\000\040\000E\000s\000c\000a\000l\000a\000t\000i\000o\000n\000\040\000T\000r\000i\000p\000w\000i\000r\000e\000s}{chapter.4}% 20
\BOOKMARK [0][-]{chapter.5}{\376\377\000R\000e\000q\000u\000i\000r\000e\000m\000e\000n\000t\000s}{}% 21
\BOOKMARK [1][-]{section.5.1}{\376\377\000F\000u\000n\000c\000t\000i\000o\000n\000a\000l\000\040\000R\000e\000q\000u\000i\000r\000e\000m\000e\000n\000t\000s\000\040\000\050\000F\000R\000\051}{chapter.5}% 22
\BOOKMARK [2][-]{subsection.5.1.1}{\376\377\000C\000o\000n\000s\000e\000n\000t\000\040\000\046\000\040\000I\000d\000e\000n\000t\000i\000t\000y\000\040\000M\000a\000n\000a\000g\000e\000m\000e\000n\000t}{section.5.1}% 23
\BOOKMARK [2][-]{subsection.5.1.2}{\376\377\000M\000u\000l\000t\000i\000-\000R\000a\000i\000l\000\040\000D\000a\000t\000a\000\040\000I\000n\000g\000e\000s\000t\000i\000o\000n\000\040\000\046\000\040\000F\000e\000a\000t\000u\000r\000e\000\040\000E\000n\000g\000i\000n\000e\000e\000r\000i\000n\000g}{section.5.1}% 24
\BOOKMARK [2][-]{subsection.5.1.3}{\376\377\000C\000r\000e\000d\000i\000t\000\040\000R\000i\000s\000k\000\040\000S\000c\000o\000r\000i\000n\000g\000\040\000\046\000\040\000E\000x\000p\000l\000a\000i\000n\000a\000b\000i\000l\000i\000t\000y}{section.5.1}% 25
\BOOKMARK [2][-]{subsection.5.1.4}{\376\377\000U\000n\000d\000e\000r\000w\000r\000i\000t\000i\000n\000g\000,\000\040\000O\000v\000e\000r\000r\000i\000d\000e\000s\000\040\000\046\000\040\000R\000e\000g\000u\000l\000a\000t\000e\000d\000\040\000E\000n\000t\000i\000t\000y\000\040\000H\000a\000n\000d\000o\000f\000f}{section.5.1}% 26
\BOOKMARK [2][-]{subsection.5.1.5}{\376\377\000G\000o\000v\000e\000r\000n\000a\000n\000c\000e\000,\000\040\000F\000a\000i\000r\000n\000e\000s\000s\000\040\000\046\000\040\000G\000r\000i\000e\000v\000a\000n\000c\000e\000\040\000R\000e\000d\000r\000e\000s\000s\000a\000l}{section.5.1}% 27
\BOOKMARK [1][-]{section.5.2}{\376\377\000N\000o\000n\000-\000F\000u\000n\000c\000t\000i\000o\000n\000a\000l\000\040\000R\000e\000q\000u\000i\000r\000e\000m\000e\000n\000t\000s\000\040\000\050\000N\000F\000R\000\051}{chapter.5}% 28
\BOOKMARK [0][-]{chapter.6}{\376\377\000S\000y\000s\000t\000e\000m\000\040\000A\000r\000c\000h\000i\000t\000e\000c\000t\000u\000r\000e}{}% 29
\BOOKMARK [1][-]{section.6.1}{\376\377\000T\000i\000e\000r\000e\000d\000\040\000S\000y\000s\000t\000e\000m\000\040\000T\000o\000p\000o\000l\000o\000g\000y}{chapter.6}% 30
\BOOKMARK [1][-]{section.6.2}{\376\377\000C\000o\000m\000p\000o\000n\000e\000n\000t\000-\000b\000y\000-\000C\000o\000m\000p\000o\000n\000e\000n\000t\000\040\000W\000a\000l\000k\000t\000h\000r\000o\000u\000g\000h}{chapter.6}% 31
\BOOKMARK [2][-]{subsection.6.2.1}{\376\377\0001\000.\000\040\000P\000r\000e\000s\000e\000n\000t\000a\000t\000i\000o\000n\000\040\000L\000a\000y\000e\000r\000\040\000\050\000F\000r\000o\000n\000t\000e\000n\000d\000\040\000C\000l\000i\000e\000n\000t\000s\000\051}{section.6.2}% 32
\BOOKMARK [2][-]{subsection.6.2.2}{\376\377\0002\000.\000\040\000G\000a\000t\000e\000w\000a\000y\000\040\000\046\000\040\000S\000e\000c\000u\000r\000i\000t\000y\000\040\000M\000i\000d\000d\000l\000e\000w\000a\000r\000e}{section.6.2}% 33
\BOOKMARK [2][-]{subsection.6.2.3}{\376\377\0003\000.\000\040\000C\000o\000r\000e\000\040\000B\000u\000s\000i\000n\000e\000s\000s\000\040\000S\000e\000r\000v\000i\000c\000e\000s}{section.6.2}% 34
\BOOKMARK [2][-]{subsection.6.2.4}{\376\377\0004\000.\000\040\000P\000e\000r\000s\000i\000s\000t\000e\000n\000c\000e\000\040\000\046\000\040\000M\000o\000d\000e\000l\000\040\000A\000r\000t\000i\000f\000a\000c\000t\000\040\000S\000t\000o\000r\000e}{section.6.2}% 35
\BOOKMARK [0][-]{chapter.7}{\376\377\000T\000e\000c\000h\000n\000o\000l\000o\000g\000y\000\040\000S\000t\000a\000c\000k\000\040\000\046\000\040\000D\000e\000s\000i\000g\000n\000\040\000D\000e\000c\000i\000s\000i\000o\000n\000s}{}% 36
\BOOKMARK [1][-]{section.7.1}{\376\377\000A\000r\000c\000h\000i\000t\000e\000c\000t\000u\000r\000a\000l\000\040\000S\000e\000l\000e\000c\000t\000i\000o\000n\000\040\000R\000a\000t\000i\000o\000n\000a\000l\000e}{chapter.7}% 37
\BOOKMARK [1][-]{section.7.2}{\376\377\000K\000e\000y\000\040\000D\000e\000s\000i\000g\000n\000\040\000D\000e\000c\000i\000s\000i\000o\000n\000s\000\040\000\046\000\040\000T\000r\000a\000d\000e\000-\000O\000f\000f\000s}{chapter.7}% 38
\BOOKMARK [2][-]{subsection.7.2.1}{\376\377\0001\000.\000\040\000W\000e\000i\000g\000h\000t\000-\000o\000f\000-\000E\000v\000i\000d\000e\000n\000c\000e\000\040\000S\000c\000o\000r\000e\000c\000a\000r\000d\000\040\000v\000s\000.\000\040\000D\000e\000e\000p\000\040\000N\000e\000u\000r\000a\000l\000\040\000N\000e\000t\000w\000o\000r\000k\000s}{section.7.2}% 39
\BOOKMARK [2][-]{subsection.7.2.2}{\376\377\0002\000.\000\040\000H\000e\000a\000d\000e\000r\000-\000B\000a\000s\000e\000d\000\040\000I\000d\000e\000n\000t\000i\000t\000y\000\040\000C\000o\000n\000t\000r\000a\000c\000t\000\040\000v\000s\000.\000\040\000O\000A\000u\000t\000h\000\040\0002\000.\0000\000\040\000/\000\040\000J\000W\000T\000\040\000f\000o\000r\000\040\000M\000V\000P}{section.7.2}% 40
\BOOKMARK [0][-]{chapter.8}{\376\377\000D\000a\000t\000a\000\040\000A\000r\000c\000h\000i\000t\000e\000c\000t\000u\000r\000e\000\040\000\046\000\040\000R\000e\000l\000a\000t\000i\000o\000n\000a\000l\000\040\000S\000c\000h\000e\000m\000a}{}% 41
\BOOKMARK [1][-]{section.8.1}{\376\377\000R\000e\000l\000a\000t\000i\000o\000n\000a\000l\000\040\000E\000n\000t\000i\000t\000y\000-\000R\000e\000l\000a\000t\000i\000o\000n\000s\000h\000i\000p\000\040\000S\000c\000h\000e\000m\000a\000t\000i\000c}{chapter.8}% 42
\BOOKMARK [1][-]{section.8.2}{\376\377\000E\000n\000t\000i\000t\000y\000\040\000D\000e\000t\000a\000i\000l\000s\000\040\000\046\000\040\000I\000n\000t\000e\000g\000r\000i\000t\000y\000\040\000C\000o\000n\000s\000t\000r\000a\000i\000n\000t\000s}{chapter.8}% 43
\BOOKMARK [1][-]{section.8.3}{\376\377\000D\000a\000t\000a\000\040\000L\000i\000f\000e\000c\000y\000c\000l\000e\000\040\000S\000t\000a\000t\000e\000\040\000T\000r\000a\000n\000s\000i\000t\000i\000o\000n\000s}{chapter.8}% 44
\BOOKMARK [0][-]{chapter.9}{\376\377\000A\000u\000t\000h\000e\000n\000t\000i\000c\000a\000t\000i\000o\000n\000\040\000\046\000\040\000A\000u\000t\000h\000o\000r\000i\000z\000a\000t\000i\000o\000n}{}% 45
\BOOKMARK [1][-]{section.9.1}{\376\377\000I\000d\000e\000n\000t\000i\000t\000y\000\040\000P\000r\000o\000p\000a\000g\000a\000t\000i\000o\000n\000\040\000P\000i\000p\000e\000l\000i\000n\000e}{chapter.9}% 46
\BOOKMARK [1][-]{section.9.2}{\376\377\000D\000e\000f\000e\000n\000s\000e\000\040\000A\000g\000a\000i\000n\000s\000t\000\040\000H\000o\000r\000i\000z\000o\000n\000t\000a\000l\000\040\000P\000r\000i\000v\000i\000l\000e\000g\000e\000\040\000E\000s\000c\000a\000l\000a\000t\000i\000o\000n}{chapter.9}% 47
\BOOKMARK [1][-]{section.9.3}{\376\377\000D\000e\000f\000e\000n\000s\000e\000\040\000A\000g\000a\000i\000n\000s\000t\000\040\000V\000e\000r\000t\000i\000c\000a\000l\000\040\000P\000r\000i\000v\000i\000l\000e\000g\000e\000\040\000E\000s\000c\000a\000l\000a\000t\000i\000o\000n}{chapter.9}% 48
\BOOKMARK [0][-]{chapter.10}{\376\377\000D\000a\000t\000a\000\040\000A\000c\000c\000e\000s\000s\000\040\000C\000o\000n\000t\000r\000o\000l\000\040\000\046\000\040\000P\000r\000i\000v\000a\000c\000y}{}% 49
\BOOKMARK [1][-]{section.10.1}{\376\377\000D\000a\000t\000a\000\040\000O\000w\000n\000e\000r\000s\000h\000i\000p\000\040\000P\000r\000i\000n\000c\000i\000p\000l\000e\000s}{chapter.10}% 50
\BOOKMARK [1][-]{section.10.2}{\376\377\000F\000i\000n\000e\000-\000G\000r\000a\000i\000n\000e\000d\000\040\000C\000R\000U\000D\000\040\000P\000e\000r\000m\000i\000s\000s\000i\000o\000n\000s\000\040\000b\000y\000\040\000E\000n\000t\000i\000t\000y}{chapter.10}% 51
\BOOKMARK [1][-]{section.10.3}{\376\377\000F\000i\000e\000l\000d\000-\000L\000e\000v\000e\000l\000\040\000M\000a\000s\000k\000i\000n\000g\000\040\000\046\000\040\000T\000o\000k\000e\000n\000i\000z\000a\000t\000i\000o\000n}{chapter.10}% 52
\BOOKMARK [0][-]{chapter.11}{\376\377\000A\000p\000p\000l\000i\000c\000a\000t\000i\000o\000n\000\040\000W\000o\000r\000k\000f\000l\000o\000w\000s}{}% 53
\BOOKMARK [1][-]{section.11.1}{\376\377\000W\000o\000r\000k\000f\000l\000o\000w\000\040\0001\000:\000\040\000A\000s\000s\000i\000s\000t\000e\000d\000\040\000C\000o\000n\000s\000e\000n\000t\000\040\000C\000a\000p\000t\000u\000r\000e\000\040\000\046\000\040\000O\000n\000b\000o\000a\000r\000d\000i\000n\000g}{chapter.11}% 54
\BOOKMARK [1][-]{section.11.2}{\376\377\000W\000o\000r\000k\000f\000l\000o\000w\000\040\0002\000:\000\040\0004\000-\000R\000a\000i\000l\000\040\000P\000a\000r\000a\000l\000l\000e\000l\000\040\000I\000n\000g\000e\000s\000t\000i\000o\000n\000\040\000\046\000\040\000F\000e\000a\000t\000u\000r\000e\000\040\000F\000u\000s\000i\000o\000n}{chapter.11}% 55
\BOOKMARK [1][-]{section.11.3}{\376\377\000W\000o\000r\000k\000f\000l\000o\000w\000\040\0003\000:\000\040\000U\000n\000d\000e\000r\000w\000r\000i\000t\000i\000n\000g\000\040\000R\000e\000v\000i\000e\000w\000,\000\040\000S\000H\000A\000P\000\040\000I\000n\000s\000p\000e\000c\000t\000i\000o\000n\000\040\000\046\000\040\000O\000f\000f\000i\000c\000e\000r\000\040\000D\000i\000s\000s\000e\000n\000t}{chapter.11}% 56
\BOOKMARK [0][-]{chapter.12}{\376\377\000U\000I\000/\000U\000X\000\040\000D\000e\000s\000i\000g\000n\000\040\000S\000y\000s\000t\000e\000m}{}% 57
\BOOKMARK [1][-]{section.12.1}{\376\377\000D\000e\000s\000i\000g\000n\000\040\000S\000y\000s\000t\000e\000m\000\040\000P\000r\000i\000n\000c\000i\000p\000l\000e\000s\000\040\000\046\000\040\000T\000o\000k\000e\000n\000s}{chapter.12}% 58
\BOOKMARK [1][-]{section.12.2}{\376\377\000P\000e\000r\000s\000o\000n\000a\000-\000T\000a\000i\000l\000o\000r\000e\000d\000\040\000S\000c\000r\000e\000e\000n\000\040\000A\000r\000c\000h\000i\000t\000e\000c\000t\000u\000r\000e}{chapter.12}% 59
\BOOKMARK [1][-]{section.12.3}{\376\377\000C\000o\000m\000p\000o\000n\000e\000n\000t\000\040\000R\000o\000u\000t\000i\000n\000g\000\040\000\040\000S\000t\000a\000t\000e\000\040\000H\000i\000e\000r\000a\000r\000c\000h\000y}{chapter.12}% 60
\BOOKMARK [0][-]{chapter.13}{\376\377\000E\000r\000r\000o\000r\000\040\000\046\000\040\000E\000d\000g\000e\000-\000C\000a\000s\000e\000\040\000H\000a\000n\000d\000l\000i\000n\000g}{}% 61
\BOOKMARK [1][-]{section.13.1}{\376\377\000S\000y\000s\000t\000e\000m\000i\000c\000\040\000F\000a\000i\000l\000u\000r\000e\000\040\000M\000o\000d\000e\000s\000\040\000\046\000\040\000M\000i\000t\000i\000g\000a\000t\000i\000o\000n\000s}{chapter.13}% 62
\BOOKMARK [1][-]{section.13.2}{\376\377\000D\000e\000f\000e\000n\000s\000i\000v\000e\000\040\000D\000e\000g\000r\000a\000d\000a\000t\000i\000o\000n\000\040\000A\000r\000c\000h\000i\000t\000e\000c\000t\000u\000r\000e}{chapter.13}% 63
\BOOKMARK [0][-]{chapter.14}{\376\377\000S\000y\000n\000t\000h\000e\000t\000i\000c\000\040\000\046\000\040\000B\000e\000n\000c\000h\000m\000a\000r\000k\000\040\000D\000a\000t\000a\000\040\000S\000t\000r\000a\000t\000e\000g\000y}{}% 64
\BOOKMARK [1][-]{section.14.1}{\376\377\000D\000u\000a\000l\000-\000T\000r\000a\000c\000k\000\040\000D\000a\000t\000a\000\040\000M\000e\000t\000h\000o\000d\000o\000l\000o\000g\000y}{chapter.14}% 65
\BOOKMARK [1][-]{section.14.2}{\376\377\000R\000e\000a\000l\000\040\000B\000e\000n\000c\000h\000m\000a\000r\000k\000\040\000F\000u\000s\000i\000o\000n\000\040\000\046\000\040\000R\000u\000r\000a\000l\000\040\000F\000e\000a\000t\000u\000r\000e\000\040\000M\000a\000p\000p\000i\000n\000g}{chapter.14}% 66
\BOOKMARK [1][-]{section.14.3}{\376\377\000C\000o\000n\000t\000r\000o\000l\000l\000e\000d\000\040\000S\000y\000n\000t\000h\000e\000t\000i\000c\000\040\000E\000a\000r\000l\000y\000-\000A\000d\000o\000p\000t\000e\000r\000\040\000S\000e\000e\000d\000i\000n\000g}{chapter.14}% 67
\BOOKMARK [0][-]{chapter.15}{\376\377\000T\000e\000s\000t\000i\000n\000g\000\040\000S\000t\000r\000a\000t\000e\000g\000y}{}% 68
\BOOKMARK [1][-]{section.15.1}{\376\377\000T\000h\000e\000\040\000M\000u\000l\000t\000i\000-\000L\000a\000y\000e\000r\000e\000d\000\040\000T\000e\000s\000t\000i\000n\000g\000\040\000P\000y\000r\000a\000m\000i\000d}{chapter.15}% 69
\BOOKMARK [1][-]{section.15.2}{\376\377\000T\000i\000e\000r\000-\000b\000y\000-\000T\000i\000e\000r\000\040\000T\000e\000s\000t\000i\000n\000g\000\040\000M\000e\000t\000h\000o\000d\000o\000l\000o\000g\000i\000e\000s}{chapter.15}% 70
\BOOKMARK [2][-]{subsection.15.2.1}{\376\377\0001\000.\000\040\000T\000i\000e\000r\000\040\0001\000:\000\040\000U\000n\000i\000t\000\040\000T\000e\000s\000t\000i\000n\000g\000\040\000\050\000A\000l\000g\000o\000r\000i\000t\000h\000m\000\040\000\046\000\040\000P\000u\000r\000e\000\040\000F\000u\000n\000c\000t\000i\000o\000n\000s\000\051}{section.15.2}% 71
\BOOKMARK [2][-]{subsection.15.2.2}{\376\377\0002\000.\000\040\000T\000i\000e\000r\000\040\0002\000:\000\040\000I\000n\000t\000e\000g\000r\000a\000t\000i\000o\000n\000\040\000T\000e\000s\000t\000i\000n\000g\000\040\000\050\000A\000P\000I\000\040\000B\000o\000u\000n\000d\000a\000r\000y\000\040\000\040\000R\000e\000l\000a\000t\000i\000o\000n\000a\000l\000\040\000S\000t\000a\000t\000e\000\051}{section.15.2}% 72
\BOOKMARK [2][-]{subsection.15.2.3}{\376\377\0003\000.\000\040\000T\000i\000e\000r\000\040\0003\000:\000\040\000P\000e\000r\000s\000o\000n\000a\000\040\000A\000u\000t\000h\000o\000r\000i\000z\000a\000t\000i\000o\000n\000\040\000S\000e\000c\000u\000r\000i\000t\000y\000\040\000T\000e\000s\000t\000i\000n\000g}{section.15.2}% 73
\BOOKMARK [2][-]{subsection.15.2.4}{\376\377\0004\000.\000\040\000T\000i\000e\000r\000\040\0004\000:\000\040\000C\000r\000i\000t\000i\000c\000a\000l\000\040\000U\000s\000e\000r\000\040\000J\000o\000u\000r\000n\000e\000y\000\040\000\050\000C\000U\000J\000\051\000\040\000E\000n\000d\000-\000t\000o\000-\000E\000n\000d\000\040\000T\000e\000s\000t\000i\000n\000g}{section.15.2}% 74
\BOOKMARK [0][-]{chapter.16}{\376\377\000T\000e\000s\000t\000\040\000C\000a\000s\000e\000\040\000M\000a\000t\000r\000i\000x}{}% 75
\BOOKMARK [1][-]{section.16.1}{\376\377\000R\000e\000p\000r\000e\000s\000e\000n\000t\000a\000t\000i\000v\000e\000\040\000S\000e\000c\000u\000r\000i\000t\000y\000\040\000\046\000\040\000F\000u\000n\000c\000t\000i\000o\000n\000a\000l\000\040\000T\000e\000s\000t\000\040\000C\000a\000s\000e\000s}{chapter.16}% 76
\BOOKMARK [1][-]{section.16.2}{\376\377\000C\000o\000m\000p\000l\000e\000t\000e\000\040\000A\000u\000t\000o\000m\000a\000t\000e\000d\000\040\000T\000e\000s\000t\000\040\000S\000u\000i\000t\000e\000\040\000A\000u\000d\000i\000t\000\040\000\050\0001\0006\0009\000\040\000T\000e\000s\000t\000s\000\051}{chapter.16}% 77
\BOOKMARK [0][-]{chapter.17}{\376\377\000T\000e\000s\000t\000\040\000E\000n\000v\000i\000r\000o\000n\000m\000e\000n\000t\000\040\000\046\000\040\000R\000e\000p\000r\000o\000d\000u\000c\000i\000b\000i\000l\000i\000t\000y}{}% 78
\BOOKMARK [1][-]{section.17.1}{\376\377\000D\000e\000t\000e\000r\000m\000i\000n\000i\000s\000t\000i\000c\000\040\000D\000e\000v\000e\000l\000o\000p\000e\000r\000\040\000S\000e\000t\000u\000p\000\040\000W\000o\000r\000k\000f\000l\000o\000w}{chapter.17}% 79
\BOOKMARK [1][-]{section.17.2}{\376\377\000C\000o\000m\000m\000a\000n\000d\000-\000L\000i\000n\000e\000\040\000E\000x\000e\000c\000u\000t\000i\000o\000n\000\040\000R\000e\000f\000e\000r\000e\000n\000c\000e}{chapter.17}% 80
\BOOKMARK [0][-]{chapter.18}{\376\377\000S\000e\000e\000d\000\040\000D\000a\000t\000a\000\040\000\046\000\040\000D\000e\000t\000e\000r\000m\000i\000n\000i\000s\000t\000i\000c\000\040\000D\000a\000t\000a\000b\000a\000s\000e\000\040\000R\000e\000s\000e\000t}{}% 81
\BOOKMARK [1][-]{section.18.1}{\376\377\000T\000h\000e\000\040\000D\000e\000t\000e\000r\000m\000i\000n\000i\000s\000t\000i\000c\000\040\000S\000e\000e\000d\000i\000n\000g\000\040\000R\000a\000t\000i\000o\000n\000a\000l\000e}{chapter.18}% 82
\BOOKMARK [1][-]{section.18.2}{\376\377\000S\000e\000e\000d\000e\000d\000\040\000E\000n\000t\000i\000t\000y\000\040\000P\000r\000o\000f\000i\000l\000e\000s}{chapter.18}% 83
\BOOKMARK [0][-]{chapter.19}{\376\377\000S\000e\000c\000u\000r\000i\000t\000y\000\040\000P\000o\000s\000t\000u\000r\000e}{}% 84
\BOOKMARK [1][-]{section.19.1}{\376\377\000D\000e\000f\000e\000n\000s\000e\000-\000i\000n\000-\000D\000e\000p\000t\000h\000\040\000A\000r\000c\000h\000i\000t\000e\000c\000t\000u\000r\000e}{chapter.19}% 85
\BOOKMARK [1][-]{section.19.2}{\376\377\000C\000r\000y\000p\000t\000o\000g\000r\000a\000p\000h\000i\000c\000\040\000A\000p\000p\000e\000n\000d\000-\000O\000n\000l\000y\000\040\000L\000e\000d\000g\000e\000r\000\040\000V\000e\000r\000i\000f\000i\000c\000a\000t\000i\000o\000n}{chapter.19}% 86
\BOOKMARK [0][-]{chapter.20}{\376\377\000P\000e\000r\000f\000o\000r\000m\000a\000n\000c\000e\000\040\000\046\000\040\000S\000c\000a\000l\000a\000b\000i\000l\000i\000t\000y}{}% 87
\BOOKMARK [1][-]{section.20.1}{\376\377\000C\000u\000r\000r\000e\000n\000t\000\040\000E\000m\000p\000i\000r\000i\000c\000a\000l\000\040\000B\000e\000n\000c\000h\000m\000a\000r\000k\000\040\000P\000r\000o\000f\000i\000l\000e}{chapter.20}% 88
\BOOKMARK [1][-]{section.20.2}{\376\377\000S\000c\000a\000l\000i\000n\000g\000\040\000R\000o\000a\000d\000m\000a\000p\000:\000\040\0001\0000\0000\000\040\000t\000o\000\040\0001\0000\0000\000,\0000\0000\0000\000\040\000U\000s\000e\000r\000s}{chapter.20}% 89
\BOOKMARK [1][-]{section.20.3}{\376\377\000B\000o\000t\000t\000l\000e\000n\000e\000c\000k\000\040\000I\000d\000e\000n\000t\000i\000f\000i\000c\000a\000t\000i\000o\000n\000\040\000\046\000\040\000S\000c\000a\000l\000i\000n\000g\000\040\000M\000i\000t\000i\000g\000a\000t\000i\000o\000n\000s}{chapter.20}% 90
\BOOKMARK [0][-]{chapter.21}{\376\377\000D\000e\000p\000l\000o\000y\000m\000e\000n\000t\000\040\000A\000r\000c\000h\000i\000t\000e\000c\000t\000u\000r\000e}{}% 91
\BOOKMARK [1][-]{section.21.1}{\376\377\000C\000u\000r\000r\000e\000n\000t\000\040\000L\000o\000c\000a\000l\000\040\000D\000e\000p\000l\000o\000y\000m\000e\000n\000t\000\040\000P\000o\000s\000t\000u\000r\000e}{chapter.21}% 92
\BOOKMARK [1][-]{section.21.2}{\376\377\000T\000a\000r\000g\000e\000t\000\040\000C\000I\000/\000C\000D\000\040\000\046\000\040\000P\000r\000o\000d\000u\000c\000t\000i\000o\000n\000\040\000P\000i\000p\000e\000l\000i\000n\000e\000\040\000B\000l\000u\000e\000p\000r\000i\000n\000t}{chapter.21}% 93
\BOOKMARK [1][-]{section.21.3}{\376\377\000D\000o\000c\000k\000e\000r\000\040\000M\000u\000l\000t\000i\000-\000S\000t\000a\000g\000e\000\040\000C\000o\000n\000t\000a\000i\000n\000e\000r\000\040\000B\000l\000u\000e\000p\000r\000i\000n\000t}{chapter.21}% 94
\BOOKMARK [0][-]{chapter.22}{\376\377\000M\000o\000n\000i\000t\000o\000r\000i\000n\000g\000,\000\040\000O\000b\000s\000e\000r\000v\000a\000b\000i\000l\000i\000t\000y\000\040\000\046\000\040\000M\000R\000M}{}% 95
\BOOKMARK [1][-]{section.22.1}{\376\377\000A\000p\000p\000l\000i\000c\000a\000t\000i\000o\000n\000\040\000O\000b\000s\000e\000r\000v\000a\000b\000i\000l\000i\000t\000y\000\040\000S\000t\000a\000c\000k}{chapter.22}% 96
\BOOKMARK [1][-]{section.22.2}{\376\377\000M\000o\000d\000e\000l\000\040\000R\000i\000s\000k\000\040\000M\000a\000n\000a\000g\000e\000m\000e\000n\000t\000\040\000\050\000M\000R\000M\000\051\000\040\000\046\000\040\000D\000r\000i\000f\000t\000\040\000T\000r\000a\000c\000k\000i\000n\000g}{chapter.22}% 97
\BOOKMARK [2][-]{subsection.22.2.1}{\376\377\000P\000o\000p\000u\000l\000a\000t\000i\000o\000n\000\040\000S\000t\000a\000b\000i\000l\000i\000t\000y\000\040\000I\000n\000d\000e\000x\000\040\000\050\000P\000S\000I\000\051}{section.22.2}% 98
\BOOKMARK [1][-]{section.22.3}{\376\377\000A\000u\000t\000o\000m\000a\000t\000e\000d\000\040\000F\000a\000i\000r\000n\000e\000s\000s\000\040\000G\000a\000t\000i\000n\000g}{chapter.22}% 99
\BOOKMARK [0][-]{chapter.23}{\376\377\000E\000m\000p\000i\000r\000i\000c\000a\000l\000\040\000R\000e\000s\000u\000l\000t\000s\000\040\000\046\000\040\000M\000o\000d\000e\000l\000\040\000B\000e\000n\000c\000h\000m\000a\000r\000k\000\040\000E\000v\000a\000l\000u\000a\000t\000i\000o\000n}{}% 100
\BOOKMARK [1][-]{section.23.1}{\376\377\000B\000e\000n\000c\000h\000m\000a\000r\000k\000\040\000S\000u\000i\000t\000e\000\040\000O\000v\000e\000r\000v\000i\000e\000w}{chapter.23}% 101
\BOOKMARK [1][-]{section.23.2}{\376\377\000S\000y\000s\000t\000e\000m\000a\000t\000i\000c\000\040\000H\000y\000p\000e\000r\000p\000a\000r\000a\000m\000e\000t\000e\000r\000\040\000O\000p\000t\000i\000m\000i\000z\000a\000t\000i\000o\000n}{chapter.23}% 102
\BOOKMARK [1][-]{section.23.3}{\376\377\000D\000i\000s\000c\000r\000i\000m\000i\000n\000a\000t\000o\000r\000y\000\040\000S\000e\000p\000a\000r\000a\000t\000i\000o\000n\000\040\000\046\000\040\000R\000e\000l\000i\000a\000b\000i\000l\000i\000t\000y\000\040\000C\000u\000r\000v\000e\000s}{chapter.23}% 103
\BOOKMARK [1][-]{section.23.4}{\376\377\000P\000o\000r\000t\000f\000o\000l\000i\000o\000\040\000S\000c\000o\000r\000e\000\040\000D\000i\000s\000t\000r\000i\000b\000u\000t\000i\000o\000n\000s\000\040\000\046\000\040\000F\000e\000a\000t\000u\000r\000e\000\040\000A\000t\000t\000r\000i\000b\000u\000t\000i\000o\000n}{chapter.23}% 104
\BOOKMARK [1][-]{section.23.5}{\376\377\000E\000c\000o\000n\000o\000m\000i\000c\000\040\000E\000x\000p\000e\000c\000t\000e\000d\000\040\000P\000r\000o\000f\000i\000t\000\040\000v\000s\000.\000\040\000C\000u\000t\000o\000f\000f\000\040\000O\000p\000t\000i\000m\000i\000z\000a\000t\000i\000o\000n}{chapter.23}% 105
\BOOKMARK [1][-]{section.23.6}{\376\377\000D\000e\000m\000o\000g\000r\000a\000p\000h\000i\000c\000\040\000F\000a\000i\000r\000n\000e\000s\000s\000\040\000P\000a\000r\000i\000t\000y\000\040\000\046\000\040\000F\000r\000o\000n\000t\000i\000e\000r\000s}{chapter.23}% 106
\BOOKMARK [0][-]{chapter.24}{\376\377\000L\000i\000m\000i\000t\000a\000t\000i\000o\000n\000s}{}% 107
\BOOKMARK [1][-]{section.24.1}{\376\377\000A\000u\000t\000h\000e\000n\000t\000i\000c\000\040\000D\000i\000s\000c\000l\000o\000s\000u\000r\000e\000\040\000o\000f\000\040\000M\000V\000P\000\040\000B\000o\000u\000n\000d\000a\000r\000i\000e\000s}{chapter.24}% 108
\BOOKMARK [0][-]{chapter.25}{\376\377\000F\000u\000t\000u\000r\000e\000\040\000W\000o\000r\000k\000\040\000\046\000\040\000E\000n\000g\000i\000n\000e\000e\000r\000i\000n\000g\000\040\000R\000o\000a\000d\000m\000a\000p}{}% 109
\BOOKMARK [1][-]{section.25.1}{\376\377\000S\000t\000r\000u\000c\000t\000u\000r\000e\000d\000\040\0006\000-\000P\000h\000a\000s\000e\000\040\000P\000r\000o\000d\000u\000c\000t\000i\000o\000n\000\040\000R\000o\000a\000d\000m\000a\000p}{chapter.25}% 110
\BOOKMARK [0][-]{chapter.26}{\376\377\000L\000e\000s\000s\000o\000n\000s\000\040\000L\000e\000a\000r\000n\000e\000d\000\040\000\046\000\040\000E\000n\000g\000i\000n\000e\000e\000r\000i\000n\000g\000\040\000P\000o\000s\000t\000-\000M\000o\000r\000t\000e\000m}{}% 111
\BOOKMARK [1][-]{section.26.1}{\376\377\000R\000e\000t\000r\000o\000s\000p\000e\000c\000t\000i\000v\000e\000\040\000A\000r\000c\000h\000i\000t\000e\000c\000t\000u\000r\000a\000l\000\040\000I\000n\000s\000i\000g\000h\000t\000s}{chapter.26}% 112
\BOOKMARK [0][-]{chapter.27}{\376\377\000C\000o\000n\000c\000l\000u\000s\000i\000o\000n}{}% 113
\BOOKMARK [1][-]{section.27.1}{\376\377\000S\000u\000m\000m\000a\000r\000y\000\040\000o\000f\000\040\000E\000n\000g\000i\000n\000e\000e\000r\000i\000n\000g\000\040\000A\000c\000c\000o\000m\000p\000l\000i\000s\000h\000m\000e\000n\000t\000s}{chapter.27}% 114
\BOOKMARK [0][-]{appendix.A}{\376\377\000A\000p\000p\000e\000n\000d\000i\000x}{}% 115
\BOOKMARK [1][-]{section.A.1}{\376\377\000M\000a\000t\000h\000e\000m\000a\000t\000i\000c\000a\000l\000\040\000F\000o\000r\000m\000u\000l\000a\000t\000i\000o\000n\000s\000\040\000o\000f\000\040\000C\000o\000r\000e\000\040\000M\000e\000t\000r\000i\000c\000s}{appendix.A}% 116
\BOOKMARK [2][-]{subsection.A.1.1}{\376\377\000W\000e\000i\000g\000h\000t\000\040\000o\000f\000\040\000E\000v\000i\000d\000e\000n\000c\000e\000\040\000\050\000W\000o\000E\000\051\000\040\000a\000n\000d\000\040\000I\000n\000f\000o\000r\000m\000a\000t\000i\000o\000n\000\040\000V\000a\000l\000u\000e\000\040\000\050\000I\000V\000\051}{section.A.1}% 117
\BOOKMARK [2][-]{subsection.A.1.2}{\376\377\000S\000t\000a\000n\000d\000a\000r\000d\000i\000z\000e\000d\000\040\000C\000r\000e\000d\000i\000t\000\040\000S\000c\000o\000r\000e\000\040\000S\000c\000a\000l\000i\000n\000g\000\040\000T\000r\000a\000n\000s\000f\000o\000r\000m\000a\000t\000i\000o\000n}{section.A.1}% 118
\BOOKMARK [2][-]{subsection.A.1.3}{\376\377\000K\000o\000l\000m\000o\000g\000o\000r\000o\000v\000-\000S\000m\000i\000r\000n\000o\000v\000\040\000\050\000K\000S\000\051\000\040\000S\000e\000p\000a\000r\000a\000t\000i\000o\000n\000\040\000S\000t\000a\000t\000i\000s\000t\000i\000c}{section.A.1}% 119
\BOOKMARK [2][-]{subsection.A.1.4}{\376\377\000E\000x\000p\000e\000c\000t\000e\000d\000\040\000C\000a\000l\000i\000b\000r\000a\000t\000i\000o\000n\000\040\000E\000r\000r\000o\000r\000\040\000\050\000E\000C\000E\000\051}{section.A.1}% 120
\BOOKMARK [2][-]{subsection.A.1.5}{\376\377\000S\000h\000a\000p\000l\000e\000y\000\040\000V\000a\000l\000u\000e\000\040\000F\000e\000a\000t\000u\000r\000e\000\040\000A\000t\000t\000r\000i\000b\000u\000t\000i\000o\000n\000\040\000\050\000T\000r\000e\000e\000S\000H\000A\000P\000\051}{section.A.1}% 121
\BOOKMARK [1][-]{section.A.2}{\376\377\000C\000o\000r\000e\000\040\000A\000P\000I\000\040\000E\000n\000d\000p\000o\000i\000n\000t\000\040\000C\000a\000t\000a\000l\000o\000g}{appendix.A}% 122
\BOOKMARK [1][-]{section.A.3}{\376\377\000S\000a\000m\000p\000l\000e\000\040\000J\000S\000O\000N\000\040\000P\000a\000y\000l\000o\000a\000d\000s}{appendix.A}% 123
\BOOKMARK [2][-]{subsection.A.3.1}{\376\377\0001\000.\000\040\000C\000r\000y\000p\000t\000o\000g\000r\000a\000p\000h\000i\000c\000\040\000C\000o\000n\000s\000e\000n\000t\000\040\000R\000e\000c\000o\000r\000d\000\040\000P\000a\000y\000l\000o\000a\000d}{section.A.3}% 124
\BOOKMARK [2][-]{subsection.A.3.2}{\376\377\0002\000.\000\040\000C\000r\000e\000d\000i\000t\000\040\000S\000c\000o\000r\000i\000n\000g\000\040\000O\000u\000t\000p\000u\000t\000\040\000w\000i\000t\000h\000\040\000B\000i\000l\000i\000n\000g\000u\000a\000l\000\040\000S\000H\000A\000P\000\040\000R\000e\000a\000s\000o\000n\000\040\000C\000o\000d\000e\000s}{section.A.3}% 125
\BOOKMARK [2][-]{subsection.A.3.3}{\376\377\0003\000.\000\040\000O\000f\000f\000i\000c\000e\000r\000\040\000U\000n\000d\000e\000r\000w\000r\000i\000t\000i\000n\000g\000\040\000D\000i\000s\000s\000e\000n\000t\000\040\000O\000v\000e\000r\000r\000i\000d\000e\000\040\000R\000e\000c\000o\000r\000d}{section.A.3}% 126
\BOOKMARK [1][-]{section.A.4}{\376\377\000I\000n\000v\000e\000n\000t\000o\000r\000y\000\040\000o\000f\000\040\000P\000u\000b\000l\000i\000c\000a\000t\000i\000o\000n\000\040\000D\000e\000c\000i\000s\000i\000o\000n\000\040\000F\000i\000g\000u\000r\000e\000s}{appendix.A}% 127
